/media/charlotte/E2A28D2BA28D04EF/linux共享分区/电赛/2024_e/DM-MC/bsp/LED/LED.c:46:17:ns_to_cycles	32	static
/media/charlotte/E2A28D2BA28D04EF/linux共享分区/电赛/2024_e/DM-MC/bsp/LED/LED.c:51:13:dwt_init	4	static
/media/charlotte/E2A28D2BA28D04EF/linux共享分区/电赛/2024_e/DM-MC/bsp/LED/LED.c:58:13:ws2812_gpio_init	32	static
/media/charlotte/E2A28D2BA28D04EF/linux共享分区/电赛/2024_e/DM-MC/bsp/LED/LED.c:74:20:ws2812_set_high	4	static
/media/charlotte/E2A28D2BA28D04EF/linux共享分区/电赛/2024_e/DM-MC/bsp/LED/LED.c:79:20:ws2812_set_low	4	static
/media/charlotte/E2A28D2BA28D04EF/linux共享分区/电赛/2024_e/DM-MC/bsp/LED/LED.c:84:20:ws2812_wait_until	16	static
/media/charlotte/E2A28D2BA28D04EF/linux共享分区/电赛/2024_e/DM-MC/bsp/LED/LED.c:91:13:ws2812_send_bit	24	static
/media/charlotte/E2A28D2BA28D04EF/linux共享分区/电赛/2024_e/DM-MC/bsp/LED/LED.c:109:13:ws2812_send_byte	24	static
/media/charlotte/E2A28D2BA28D04EF/linux共享分区/电赛/2024_e/DM-MC/bsp/LED/LED.c:119:13:ws2812_show	24	static,ignoring_inline_asm
/media/charlotte/E2A28D2BA28D04EF/linux共享分区/电赛/2024_e/DM-MC/bsp/LED/LED.c:155:6:LED_init	8	static
/media/charlotte/E2A28D2BA28D04EF/linux共享分区/电赛/2024_e/DM-MC/bsp/LED/LED.c:178:6:LED_SET_RGB	16	static
/media/charlotte/E2A28D2BA28D04EF/linux共享分区/电赛/2024_e/DM-MC/bsp/LED/LED.c:192:6:LED_RED_SET	8	static
/media/charlotte/E2A28D2BA28D04EF/linux共享分区/电赛/2024_e/DM-MC/bsp/LED/LED.c:197:6:LED_RED_RESET	8	static
/media/charlotte/E2A28D2BA28D04EF/linux共享分区/电赛/2024_e/DM-MC/bsp/LED/LED.c:202:6:LED_RED_TOGGLE	8	static
/media/charlotte/E2A28D2BA28D04EF/linux共享分区/电赛/2024_e/DM-MC/bsp/LED/LED.c:214:6:LED_RDE_TOGGLE	8	static
/media/charlotte/E2A28D2BA28D04EF/linux共享分区/电赛/2024_e/DM-MC/bsp/LED/LED.c:219:6:LED_GREEN_SET	8	static
/media/charlotte/E2A28D2BA28D04EF/linux共享分区/电赛/2024_e/DM-MC/bsp/LED/LED.c:224:6:LED_GREEN_RESET	8	static
/media/charlotte/E2A28D2BA28D04EF/linux共享分区/电赛/2024_e/DM-MC/bsp/LED/LED.c:229:6:LED_GREEN_TOGGLE	8	static
/media/charlotte/E2A28D2BA28D04EF/linux共享分区/电赛/2024_e/DM-MC/bsp/LED/LED.c:241:6:LED_BLUE_SET	8	static
/media/charlotte/E2A28D2BA28D04EF/linux共享分区/电赛/2024_e/DM-MC/bsp/LED/LED.c:246:6:LED_BLUE_RESET	8	static
/media/charlotte/E2A28D2BA28D04EF/linux共享分区/电赛/2024_e/DM-MC/bsp/LED/LED.c:251:6:LED_BLUE_TOGGLE	8	static
/media/charlotte/E2A28D2BA28D04EF/linux共享分区/电赛/2024_e/DM-MC/bsp/LED/LED.c:263:6:LED_SKY_SET	8	static
/media/charlotte/E2A28D2BA28D04EF/linux共享分区/电赛/2024_e/DM-MC/bsp/LED/LED.c:268:6:LED_SKY_RESET_TOGGLE	8	static
/media/charlotte/E2A28D2BA28D04EF/linux共享分区/电赛/2024_e/DM-MC/bsp/LED/LED.c:278:6:LED_off	8	static
