/media/charlotte/E2A28D2BA28D04EF/linux共享分区/电赛/2024_e/DM-MC/Core/Src/fdcan.c:32:6:MX_FDCAN1_Init	8	static
/media/charlotte/E2A28D2BA28D04EF/linux共享分区/电赛/2024_e/DM-MC/Core/Src/fdcan.c:80:6:MX_FDCAN2_Init	8	static
/media/charlotte/E2A28D2BA28D04EF/linux共享分区/电赛/2024_e/DM-MC/Core/Src/fdcan.c:128:6:MX_FDCAN3_Init	8	static
/media/charlotte/E2A28D2BA28D04EF/linux共享分区/电赛/2024_e/DM-MC/Core/Src/fdcan.c:178:6:HAL_FDCAN_MspInit	64	static
/media/charlotte/E2A28D2BA28D04EF/linux共享分区/电赛/2024_e/DM-MC/Core/Src/fdcan.c:265:6:HAL_FDCAN_MspDeInit	16	static
