/media/charlotte/E2A28D2BA28D04EF/linux共享分区/电赛/2024_e/DM-MC/Core/Src/freertos.c:115:6:vApplicationStackOverflowHook	16	static
/media/charlotte/E2A28D2BA28D04EF/linux共享分区/电赛/2024_e/DM-MC/Core/Src/freertos.c:124:6:vApplicationMallocFailedHook	4	static
/media/charlotte/E2A28D2BA28D04EF/linux共享分区/电赛/2024_e/DM-MC/Core/Src/freertos.c:144:6:MX_FREERTOS_Init	8	static
/media/charlotte/E2A28D2BA28D04EF/linux共享分区/电赛/2024_e/DM-MC/Core/Src/freertos.c:201:6:seneor_task_entry	16	static
/media/charlotte/E2A28D2BA28D04EF/linux共享分区/电赛/2024_e/DM-MC/Core/Src/freertos.c:222:6:printf_entry	16	static
/media/charlotte/E2A28D2BA28D04EF/linux共享分区/电赛/2024_e/DM-MC/Core/Src/freertos.c:241:6:usb_entry	16	static
/media/charlotte/E2A28D2BA28D04EF/linux共享分区/电赛/2024_e/DM-MC/Core/Src/freertos.c:260:6:test_task_entry	16	static
/media/charlotte/E2A28D2BA28D04EF/linux共享分区/电赛/2024_e/DM-MC/Core/Src/freertos.c:279:6:servo_entry	16	static
/media/charlotte/E2A28D2BA28D04EF/linux共享分区/电赛/2024_e/DM-MC/Core/Src/freertos.c:298:6:vacuum_entry	16	static
