/media/charlotte/E2A28D2BA28D04EF/linux共享分区/电赛/2024_e/DM-MC/Core/Src/freertos.c:114:6:vApplicationStackOverflowHook	16	static
/media/charlotte/E2A28D2BA28D04EF/linux共享分区/电赛/2024_e/DM-MC/Core/Src/freertos.c:123:6:vApplicationMallocFailedHook	4	static
/media/charlotte/E2A28D2BA28D04EF/linux共享分区/电赛/2024_e/DM-MC/Core/Src/freertos.c:143:6:MX_FREERTOS_Init	8	static
/media/charlotte/E2A28D2BA28D04EF/linux共享分区/电赛/2024_e/DM-MC/Core/Src/freertos.c:200:6:seneor_task_entry	16	static
/media/charlotte/E2A28D2BA28D04EF/linux共享分区/电赛/2024_e/DM-MC/Core/Src/freertos.c:219:6:printf_entry	16	static
/media/charlotte/E2A28D2BA28D04EF/linux共享分区/电赛/2024_e/DM-MC/Core/Src/freertos.c:238:6:usb_test_entry	16	static
/media/charlotte/E2A28D2BA28D04EF/linux共享分区/电赛/2024_e/DM-MC/Core/Src/freertos.c:256:6:test_task_entry	16	static
/media/charlotte/E2A28D2BA28D04EF/linux共享分区/电赛/2024_e/DM-MC/Core/Src/freertos.c:275:6:servo_entry	16	static
/media/charlotte/E2A28D2BA28D04EF/linux共享分区/电赛/2024_e/DM-MC/Core/Src/freertos.c:294:6:vacuum_entry	16	static
