/media/charlotte/E2A28D2BA28D04EF/linux共享分区/电赛/2024_e/DM-MC/Core/Src/main.c:81:5:main	8	static,ignoring_inline_asm
/media/charlotte/E2A28D2BA28D04EF/linux共享分区/电赛/2024_e/DM-MC/Core/Src/main.c:170:6:SystemClock_Config	120	static
/media/charlotte/E2A28D2BA28D04EF/linux共享分区/电赛/2024_e/DM-MC/Core/Src/main.c:228:6:PeriphCommonClock_Config	192	static
/media/charlotte/E2A28D2BA28D04EF/linux共享分区/电赛/2024_e/DM-MC/Core/Src/main.c:270:6:MPU_Config	24	static
/media/charlotte/E2A28D2BA28D04EF/linux共享分区/电赛/2024_e/DM-MC/Core/Src/main.c:305:6:HAL_TIM_PeriodElapsedCallback	16	static
/media/charlotte/E2A28D2BA28D04EF/linux共享分区/电赛/2024_e/DM-MC/Core/Src/main.c:323:6:Error_Handler	4	static,ignoring_inline_asm
