/media/charlotte/E2A28D2BA28D04EF/linux共享分区/电赛/2024_e/DM-MC/bsp/can/can.c:14:18:can_irq_from_handle	16	static
/media/charlotte/E2A28D2BA28D04EF/linux共享分区/电赛/2024_e/DM-MC/bsp/can/can.c:21:13:can_start	56	static
/media/charlotte/E2A28D2BA28D04EF/linux共享分区/电赛/2024_e/DM-MC/bsp/can/can.c:48:6:can_init	8	static
/media/charlotte/E2A28D2BA28D04EF/linux共享分区/电赛/2024_e/DM-MC/bsp/can/can.c:55:6:FDCAN1_IT0_IRQHandler	8	static
/media/charlotte/E2A28D2BA28D04EF/linux共享分区/电赛/2024_e/DM-MC/bsp/can/can.c:56:6:FDCAN2_IT0_IRQHandler	8	static
/media/charlotte/E2A28D2BA28D04EF/linux共享分区/电赛/2024_e/DM-MC/bsp/can/can.c:57:6:FDCAN3_IT0_IRQHandler	8	static
